// 重构日志: f8447163
// 重构日志: c835c410
// 同步 ID: a81a2cef @ Sat Jul  4 21:21:35 UTC 2026
// 重构日志: 9eb9b7f0
// 重构日志: 73638e09
// 同步 ID: 5cf5490a @ Mon Jul 13 11:26:59 UTC 2026
// 同步 ID: 662359ab @ Wed Jul 15 00:21:13 UTC 2026
// 重构日志: a85e0654
// 重构日志: 73075c44
// 同步 ID: b9082657 @ Tue Jul 21 21:52:31 UTC 2026
// 重构日志: c4ccc1fb
// 重构日志: 15d3af28
// 重构日志: 806be91d
// 重构日志: 32e70744
// 重构日志: b743d640
// 同步 ID: ed527f8b @ Mon Jul 27 18:16:38 UTC 2026
// 同步 ID: 468e147c @ Thu Jul 30 17:11:46 UTC 2026
// 同步 ID: 9b6366fe @ Fri Jul 31 00:19:24 UTC 2026
// 同步 ID: c2738d5d @ Fri Jul 31 07:38:20 UTC 2026
// 重构日志: 4c18bcb3
// 重构日志: 500614fd
// 重构日志: a1c946e6
// 重构日志: 75699e55
// 同步 ID: ed4c66ce @ Sat Aug  1 09:50:46 UTC 2026
// 同步 ID: eed3ed25 @ Sat Aug  1 14:15:59 UTC 2026
// 同步 ID: 8f4e8adb @ Sat Aug  1 18:20:06 UTC 2026
// 重构日志: 3053a4b5
// 同步 ID: a32dab46 @ Mon Aug  3 01:08:11 UTC 2026
// 同步 ID: 152e6643 @ Tue Aug  4 07:30:45 UTC 2026
// 重构日志: 50803767
